<html>
<body>
<pre>
<h1>µVision Build Log</h1>
<h2>Tool Versions:</h2>
IDE-Version: µVision V5.17.0.0
Copyright (C) 2015 ARM Ltd and ARM Germany GmbH. All rights reserved.
License Information: Khanh Pham, Tinasoft, LIC=KRMFW-QKG73-BQ20K-ZKN8E-2EWBC-4CHJ5
 
Tool Versions:
Toolchain:       MDK-ARM Standard  Version: 5.17
Toolchain Path:  C:\Keil_v5\ARM\ARMCC\Bin
C Compiler:      Armcc.exe V5.06 update 1 (build 61)
Assembler:       Armasm.exe V5.06 update 1 (build 61)
Linker/Locator:  ArmLink.exe V5.06 update 1 (build 61)
Library Manager: ArmAr.exe V5.06 update 1 (build 61)
Hex Converter:   FromElf.exe V5.06 update 1 (build 61)
CPU DLL:         SARMCM3.DLL V5.17
Dialog DLL:      DCM.DLL V1.13.4.0
Target DLL:      STLink\ST-LINKIII-KEIL_SWO.dll V2.0.18.0
Dialog DLL:      TCM.DLL V1.14.6.0
 
<h2>Project:</h2>
C:\Users\khanh\Desktop\DO_AN\NODE\pro\New.uvprojx
Project File Date:  11/13/2019

<h2>Output:</h2>
*** Using Compiler 'V5.06 update 1 (build 61)', folder: 'C:\Keil_v5\ARM\ARMCC\Bin'
Rebuild target 'stm32l152c6'
compiling stm32l1xx_gpio.c...
compiling stm32l1xx_usart.c...
compiling stm32l1xx_rcc.c...
compiling misc.c...
compiling stm32l1xx_syscfg.c...
compiling stm32l1xx_rtc.c...
compiling stm32l1xx_pwr.c...
compiling stm32l1xx_exti.c...
compiling stm32l1xx_adc.c...
compiling delay.c...
compiling lora.c...
compiling main.c...
compiling usart.c...
compiling init.c...
compiling soil_moisture.c...
compiling pwr.c...
compiling sht75.c...
..\src\sht75.c(248): warning:  #188-D: enumerated type mixed with another type
      
igitalWrite(_pinData, (value & mask));
..\src\sht75.c(250): warning:  #188-D: enumerated type mixed with another type
      
igitalWrite(_pinClock, HIGH);  // Generate clock pulse
..\src\sht75.c(252): warning:  #188-D: enumerated type mixed with another type
      
igitalWrite(_pinClock, LOW);
..\src\sht75.c(258): warning:  #188-D: enumerated type mixed with another type
    
igitalWrite(_pinData, DATA_PU);  // Restore internal pullup state
..\src\sht75.c(260): warning:  #188-D: enumerated type mixed with another type
    
igitalWrite(_pinClock, HIGH);    // Clock #9 for ACK
..\src\sht75.c(265): warning:  #188-D: enumerated type mixed with another type
    
igitalWrite(_pinClock, LOW);     // Finish with clock in low state
..\src\sht75.c(275): warning:  #188-D: enumerated type mixed with another type
      
igitalWrite(_pinClock, HIGH);  // Generate clock pulse
..\src\sht75.c(279): warning:  #188-D: enumerated type mixed with another type
      
igitalWrite(_pinClock, LOW);
..\src\sht75.c(283): warning:  #188-D: enumerated type mixed with another type
    
igitalWrite(_pinData, !ack);     // Assert ACK ('0') if ack == 1
..\src\sht75.c(285): warning:  #188-D: enumerated type mixed with another type
    
igitalWrite(_pinClock, HIGH);    // Clock #9 for ACK / noACK
..\src\sht75.c(287): warning:  #188-D: enumerated type mixed with another type
    
igitalWrite(_pinClock, LOW);     // Finish with clock in low state
..\src\sht75.c(291): warning:  #188-D: enumerated type mixed with another type
    
igitalWrite(_pinData, DATA_PU);  // Restore internal pullup state
..\src\sht75.c(310): warning:  #188-D: enumerated type mixed with another type
    
igitalWrite(_pinData, HIGH);  // Set data register high before turning on
..\src\sht75.c(312): warning:  #188-D: enumerated type mixed with another type
    
igitalWrite(_pinClock, HIGH);
..\src\sht75.c(314): warning:  #188-D: enumerated type mixed with another type
    
igitalWrite(_pinData, LOW);
..\src\sht75.c(316): warning:  #188-D: enumerated type mixed with another type
    
igitalWrite(_pinClock, LOW);
..\src\sht75.c(318): warning:  #188-D: enumerated type mixed with another type
    
igitalWrite(_pinClock, HIGH);
..\src\sht75.c(320): warning:  #188-D: enumerated type mixed with another type
    
igitalWrite(_pinData, HIGH);
..\src\sht75.c(322): warning:  #188-D: enumerated type mixed with another type
    
igitalWrite(_pinClock, LOW);
..\src\sht75.c(337): warning:  #188-D: enumerated type mixed with another type
    
igitalWrite(_pinData, HIGH);  // Set data register high before turning on
..\src\sht75.c(340): warning:  #188-D: enumerated type mixed with another type
      
igitalWrite(_pinClock, HIGH);
..\src\sht75.c(342): warning:  #188-D: enumerated type mixed with another type
      
igitalWrite(_pinClock, LOW);
..\src\sht75.c: 22 warnings, 0 errors
compiling kalman.c...
compiling ph.c...
assembling startup_stm32l152xb.s...
compiling stm32_rtc.c...
compiling system_stm32l1xx.c...
linking...
Program Size: Code=14482 RO-data=654 RW-data=492 ZI-data=2140  
FromELF: creating hex file...
".\Objects\Rhf76052.axf" - 0 Error(s), 22 Warning(s).

<h2>Software Packages used:</h2>

Package Vendor: ARM
                http://www.keil.com/pack/ARM.CMSIS.4.5.0.pack
                ARM::CMSIS:CORE:4.3.0
                CMSIS (Cortex Microcontroller Software Interface Standard)
   * Component: CORE Version: 4.3.0

Package Vendor: Keil
                http://www.keil.com/pack/Keil.STM32L1xx_DFP.1.2.0.pack
                Keil::Device:Startup:2.0.0
                STMicroelectronics STM32L1 Series Device Support and Examples
   * Component: Startup Version: 2.0.0

<h2>Collection of Component include folders:</h2>
  C:\Users\khanh\Desktop\DO_AN\NODE\pro\RTE
  C:\Keil_v5\ARM\PACK\ARM\CMSIS\4.5.0\CMSIS\Include
  C:\Keil_v5\ARM\PACK\Keil\STM32L1xx_DFP\1.2.0\Device\Include

<h2>Collection of Component Files used:</h2>

   * Component: ARM::CMSIS:CORE:4.3.0

   * Component: Keil::Device:Startup:2.0.0
      Source file:   Device\Source\ARM\startup_stm32l152xb.s
      Source file:   Device\Source\ARM\STM32L1xx_MD_OPT.s
      Source file:   Device\Source\system_stm32l1xx.c
Build Time Elapsed:  00:00:13
</pre>
</body>
</html>
